Archive member included to satisfy reference by file (symbol)

c:/st/stm32cubeide_1.6.0/stm32cubeide/plugins/com.st.stm32cube.ide.mcu.externaltools.gnu-tools-for-stm32.9-2020-q2-update.win32_1.5.0.202011040924/tools/bin/../lib/gcc/arm-none-eabi/9.3.1/../../../../arm-none-eabi/lib/thumb/v6-m/nofp\libc_nano.a(lib_a-errno.o)
                              Src/syscalls.o (__errno)
c:/st/stm32cubeide_1.6.0/stm32cubeide/plugins/com.st.stm32cube.ide.mcu.externaltools.gnu-tools-for-stm32.9-2020-q2-update.win32_1.5.0.202011040924/tools/bin/../lib/gcc/arm-none-eabi/9.3.1/../../../../arm-none-eabi/lib/thumb/v6-m/nofp\libc_nano.a(lib_a-exit.o)
                              c:/st/stm32cubeide_1.6.0/stm32cubeide/plugins/com.st.stm32cube.ide.mcu.externaltools.gnu-tools-for-stm32.9-2020-q2-update.win32_1.5.0.202011040924/tools/bin/../lib/gcc/arm-none-eabi/9.3.1/../../../../arm-none-eabi/lib/thumb/v6-m/nofp/crt0.o (exit)
c:/st/stm32cubeide_1.6.0/stm32cubeide/plugins/com.st.stm32cube.ide.mcu.externaltools.gnu-tools-for-stm32.9-2020-q2-update.win32_1.5.0.202011040924/tools/bin/../lib/gcc/arm-none-eabi/9.3.1/../../../../arm-none-eabi/lib/thumb/v6-m/nofp\libc_nano.a(lib_a-impure.o)
                              c:/st/stm32cubeide_1.6.0/stm32cubeide/plugins/com.st.stm32cube.ide.mcu.externaltools.gnu-tools-for-stm32.9-2020-q2-update.win32_1.5.0.202011040924/tools/bin/../lib/gcc/arm-none-eabi/9.3.1/../../../../arm-none-eabi/lib/thumb/v6-m/nofp\libc_nano.a(lib_a-exit.o) (_global_impure_ptr)
c:/st/stm32cubeide_1.6.0/stm32cubeide/plugins/com.st.stm32cube.ide.mcu.externaltools.gnu-tools-for-stm32.9-2020-q2-update.win32_1.5.0.202011040924/tools/bin/../lib/gcc/arm-none-eabi/9.3.1/../../../../arm-none-eabi/lib/thumb/v6-m/nofp\libc_nano.a(lib_a-init.o)
                              c:/st/stm32cubeide_1.6.0/stm32cubeide/plugins/com.st.stm32cube.ide.mcu.externaltools.gnu-tools-for-stm32.9-2020-q2-update.win32_1.5.0.202011040924/tools/bin/../lib/gcc/arm-none-eabi/9.3.1/../../../../arm-none-eabi/lib/thumb/v6-m/nofp/crt0.o (__libc_init_array)
c:/st/stm32cubeide_1.6.0/stm32cubeide/plugins/com.st.stm32cube.ide.mcu.externaltools.gnu-tools-for-stm32.9-2020-q2-update.win32_1.5.0.202011040924/tools/bin/../lib/gcc/arm-none-eabi/9.3.1/../../../../arm-none-eabi/lib/thumb/v6-m/nofp\libc_nano.a(lib_a-memset.o)
                              c:/st/stm32cubeide_1.6.0/stm32cubeide/plugins/com.st.stm32cube.ide.mcu.externaltools.gnu-tools-for-stm32.9-2020-q2-update.win32_1.5.0.202011040924/tools/bin/../lib/gcc/arm-none-eabi/9.3.1/../../../../arm-none-eabi/lib/thumb/v6-m/nofp/crt0.o (memset)
c:/st/stm32cubeide_1.6.0/stm32cubeide/plugins/com.st.stm32cube.ide.mcu.externaltools.gnu-tools-for-stm32.9-2020-q2-update.win32_1.5.0.202011040924/tools/bin/../lib/gcc/arm-none-eabi/9.3.1/thumb/v6-m/nofp\libgcc.a(_udivsi3.o)
                              CMSIS/Src/system_stm32f0xx.o (__aeabi_uidiv)
c:/st/stm32cubeide_1.6.0/stm32cubeide/plugins/com.st.stm32cube.ide.mcu.externaltools.gnu-tools-for-stm32.9-2020-q2-update.win32_1.5.0.202011040924/tools/bin/../lib/gcc/arm-none-eabi/9.3.1/thumb/v6-m/nofp\libgcc.a(_dvmd_tls.o)
                              c:/st/stm32cubeide_1.6.0/stm32cubeide/plugins/com.st.stm32cube.ide.mcu.externaltools.gnu-tools-for-stm32.9-2020-q2-update.win32_1.5.0.202011040924/tools/bin/../lib/gcc/arm-none-eabi/9.3.1/thumb/v6-m/nofp\libgcc.a(_udivsi3.o) (__aeabi_idiv0)

Allocating common symbols
Common symbol       size              file

ddo1                0x4               Src/encoder1.o
data_tilt           0x1               Src/encoder1.o
pac_data            0x1               Src/encoder1.o
i                   0x4               Src/main.o
data                0x1               Src/encoder1.o
ddo2                0x4               Src/encoder1.o
start_stop          0x4               Src/encoder1.o

Discarded input sections

 .text          0x0000000000000000        0x0 c:/st/stm32cubeide_1.6.0/stm32cubeide/plugins/com.st.stm32cube.ide.mcu.externaltools.gnu-tools-for-stm32.9-2020-q2-update.win32_1.5.0.202011040924/tools/bin/../lib/gcc/arm-none-eabi/9.3.1/thumb/v6-m/nofp/crti.o
 .data          0x0000000000000000        0x0 c:/st/stm32cubeide_1.6.0/stm32cubeide/plugins/com.st.stm32cube.ide.mcu.externaltools.gnu-tools-for-stm32.9-2020-q2-update.win32_1.5.0.202011040924/tools/bin/../lib/gcc/arm-none-eabi/9.3.1/thumb/v6-m/nofp/crti.o
 .bss           0x0000000000000000        0x0 c:/st/stm32cubeide_1.6.0/stm32cubeide/plugins/com.st.stm32cube.ide.mcu.externaltools.gnu-tools-for-stm32.9-2020-q2-update.win32_1.5.0.202011040924/tools/bin/../lib/gcc/arm-none-eabi/9.3.1/thumb/v6-m/nofp/crti.o
 .data          0x0000000000000000        0x4 c:/st/stm32cubeide_1.6.0/stm32cubeide/plugins/com.st.stm32cube.ide.mcu.externaltools.gnu-tools-for-stm32.9-2020-q2-update.win32_1.5.0.202011040924/tools/bin/../lib/gcc/arm-none-eabi/9.3.1/thumb/v6-m/nofp/crtbegin.o
 .text          0x0000000000000000       0x80 c:/st/stm32cubeide_1.6.0/stm32cubeide/plugins/com.st.stm32cube.ide.mcu.externaltools.gnu-tools-for-stm32.9-2020-q2-update.win32_1.5.0.202011040924/tools/bin/../lib/gcc/arm-none-eabi/9.3.1/../../../../arm-none-eabi/lib/thumb/v6-m/nofp/crt0.o
 .data          0x0000000000000000        0x0 c:/st/stm32cubeide_1.6.0/stm32cubeide/plugins/com.st.stm32cube.ide.mcu.externaltools.gnu-tools-for-stm32.9-2020-q2-update.win32_1.5.0.202011040924/tools/bin/../lib/gcc/arm-none-eabi/9.3.1/../../../../arm-none-eabi/lib/thumb/v6-m/nofp/crt0.o
 .bss           0x0000000000000000        0x0 c:/st/stm32cubeide_1.6.0/stm32cubeide/plugins/com.st.stm32cube.ide.mcu.externaltools.gnu-tools-for-stm32.9-2020-q2-update.win32_1.5.0.202011040924/tools/bin/../lib/gcc/arm-none-eabi/9.3.1/../../../../arm-none-eabi/lib/thumb/v6-m/nofp/crt0.o
 .ARM.extab     0x0000000000000000        0x0 c:/st/stm32cubeide_1.6.0/stm32cubeide/plugins/com.st.stm32cube.ide.mcu.externaltools.gnu-tools-for-stm32.9-2020-q2-update.win32_1.5.0.202011040924/tools/bin/../lib/gcc/arm-none-eabi/9.3.1/../../../../arm-none-eabi/lib/thumb/v6-m/nofp/crt0.o
 .ARM.exidx     0x0000000000000000       0x10 c:/st/stm32cubeide_1.6.0/stm32cubeide/plugins/com.st.stm32cube.ide.mcu.externaltools.gnu-tools-for-stm32.9-2020-q2-update.win32_1.5.0.202011040924/tools/bin/../lib/gcc/arm-none-eabi/9.3.1/../../../../arm-none-eabi/lib/thumb/v6-m/nofp/crt0.o
 .ARM.attributes
                0x0000000000000000       0x1b c:/st/stm32cubeide_1.6.0/stm32cubeide/plugins/com.st.stm32cube.ide.mcu.externaltools.gnu-tools-for-stm32.9-2020-q2-update.win32_1.5.0.202011040924/tools/bin/../lib/gcc/arm-none-eabi/9.3.1/../../../../arm-none-eabi/lib/thumb/v6-m/nofp/crt0.o
 .group         0x0000000000000000        0xc CMSIS/Src/system_stm32f0xx.o
 .group         0x0000000000000000        0xc CMSIS/Src/system_stm32f0xx.o
 .group         0x0000000000000000        0xc CMSIS/Src/system_stm32f0xx.o
 .group         0x0000000000000000        0xc CMSIS/Src/system_stm32f0xx.o
 .group         0x0000000000000000        0xc CMSIS/Src/system_stm32f0xx.o
 .group         0x0000000000000000        0xc CMSIS/Src/system_stm32f0xx.o
 .group         0x0000000000000000        0xc CMSIS/Src/system_stm32f0xx.o
 .group         0x0000000000000000        0xc CMSIS/Src/system_stm32f0xx.o
 .group         0x0000000000000000        0xc CMSIS/Src/system_stm32f0xx.o
 .group         0x0000000000000000        0xc CMSIS/Src/system_stm32f0xx.o
 .group         0x0000000000000000        0xc CMSIS/Src/system_stm32f0xx.o
 .group         0x0000000000000000        0xc CMSIS/Src/system_stm32f0xx.o
 .group         0x0000000000000000        0xc CMSIS/Src/system_stm32f0xx.o
 .group         0x0000000000000000        0xc CMSIS/Src/system_stm32f0xx.o
 .group         0x0000000000000000        0xc CMSIS/Src/system_stm32f0xx.o
 .text          0x0000000000000000        0x0 CMSIS/Src/system_stm32f0xx.o
 .data          0x0000000000000000        0x0 CMSIS/Src/system_stm32f0xx.o
 .bss           0x0000000000000000        0x0 CMSIS/Src/system_stm32f0xx.o
 .rodata.AHBPrescTable
                0x0000000000000000       0x10 CMSIS/Src/system_stm32f0xx.o
 .rodata.APBPrescTable
                0x0000000000000000        0x8 CMSIS/Src/system_stm32f0xx.o
 .text.SystemCoreClockUpdate
                0x0000000000000000       0xec CMSIS/Src/system_stm32f0xx.o
 .group         0x0000000000000000        0xc Src/encoder1.o
 .group         0x0000000000000000        0xc Src/encoder1.o
 .group         0x0000000000000000        0xc Src/encoder1.o
 .group         0x0000000000000000        0xc Src/encoder1.o
 .group         0x0000000000000000        0xc Src/encoder1.o
 .group         0x0000000000000000        0xc Src/encoder1.o
 .group         0x0000000000000000        0xc Src/encoder1.o
 .group         0x0000000000000000        0xc Src/encoder1.o
 .group         0x0000000000000000        0xc Src/encoder1.o
 .group         0x0000000000000000        0xc Src/encoder1.o
 .group         0x0000000000000000        0xc Src/encoder1.o
 .group         0x0000000000000000        0xc Src/encoder1.o
 .group         0x0000000000000000        0xc Src/encoder1.o
 .group         0x0000000000000000        0xc Src/encoder1.o
 .group         0x0000000000000000        0xc Src/encoder1.o
 .group         0x0000000000000000        0xc Src/encoder1.o
 .group         0x0000000000000000        0xc Src/encoder1.o
 .text          0x0000000000000000        0x0 Src/encoder1.o
 .data          0x0000000000000000        0x0 Src/encoder1.o
 .bss           0x0000000000000000        0x0 Src/encoder1.o
 .debug_macro   0x0000000000000000      0xa84 Src/encoder1.o
 .debug_macro   0x0000000000000000       0x2e Src/encoder1.o
 .debug_macro   0x0000000000000000       0x22 Src/encoder1.o
 .debug_macro   0x0000000000000000       0x22 Src/encoder1.o
 .debug_macro   0x0000000000000000       0x8e Src/encoder1.o
 .debug_macro   0x0000000000000000       0x51 Src/encoder1.o
 .debug_macro   0x0000000000000000      0x103 Src/encoder1.o
 .debug_macro   0x0000000000000000       0x6a Src/encoder1.o
 .debug_macro   0x0000000000000000      0x1df Src/encoder1.o
 .debug_macro   0x0000000000000000       0x1c Src/encoder1.o
 .debug_macro   0x0000000000000000       0x22 Src/encoder1.o
 .debug_macro   0x0000000000000000       0xb5 Src/encoder1.o
 .debug_macro   0x0000000000000000      0x391 Src/encoder1.o
 .debug_macro   0x0000000000000000     0x8cdd Src/encoder1.o
 .debug_macro   0x0000000000000000       0x3c Src/encoder1.o
 .group         0x0000000000000000        0xc Src/main.o
 .group         0x0000000000000000        0xc Src/main.o
 .group         0x0000000000000000        0xc Src/main.o
 .group         0x0000000000000000        0xc Src/main.o
 .group         0x0000000000000000        0xc Src/main.o
 .group         0x0000000000000000        0xc Src/main.o
 .group         0x0000000000000000        0xc Src/main.o
 .group         0x0000000000000000        0xc Src/main.o
 .group         0x0000000000000000        0xc Src/main.o
 .group         0x0000000000000000        0xc Src/main.o
 .group         0x0000000000000000        0xc Src/main.o
 .group         0x0000000000000000        0xc Src/main.o
 .group         0x0000000000000000        0xc Src/main.o
 .group         0x0000000000000000        0xc Src/main.o
 .group         0x0000000000000000        0xc Src/main.o
 .group         0x0000000000000000        0xc Src/main.o
 .group         0x0000000000000000        0xc Src/main.o
 .group         0x0000000000000000        0xc Src/main.o
 .text          0x0000000000000000        0x0 Src/main.o
 .data          0x0000000000000000        0x0 Src/main.o
 .bss           0x0000000000000000        0x0 Src/main.o
 .debug_macro   0x0000000000000000      0xa84 Src/main.o
 .debug_macro   0x0000000000000000       0x2e Src/main.o
 .debug_macro   0x0000000000000000       0x22 Src/main.o
 .debug_macro   0x0000000000000000       0x22 Src/main.o
 .debug_macro   0x0000000000000000       0x8e Src/main.o
 .debug_macro   0x0000000000000000       0x51 Src/main.o
 .debug_macro   0x0000000000000000      0x103 Src/main.o
 .debug_macro   0x0000000000000000       0x6a Src/main.o
 .debug_macro   0x0000000000000000      0x1df Src/main.o
 .debug_macro   0x0000000000000000       0x1c Src/main.o
 .debug_macro   0x0000000000000000       0x22 Src/main.o
 .debug_macro   0x0000000000000000       0xb5 Src/main.o
 .debug_macro   0x0000000000000000      0x391 Src/main.o
 .debug_macro   0x0000000000000000     0x8cdd Src/main.o
 .debug_macro   0x0000000000000000       0x3c Src/main.o
 .debug_macro   0x0000000000000000       0x16 Src/main.o
 .debug_macro   0x0000000000000000       0x22 Src/main.o
 COMMON         0x0000000000000000        0x4 Src/main.o
 .group         0x0000000000000000        0xc Src/syscalls.o
 .group         0x0000000000000000        0xc Src/syscalls.o
 .group         0x0000000000000000        0xc Src/syscalls.o
 .group         0x0000000000000000        0xc Src/syscalls.o
 .group         0x0000000000000000        0xc Src/syscalls.o
 .group         0x0000000000000000        0xc Src/syscalls.o
 .group         0x0000000000000000        0xc Src/syscalls.o
 .group         0x0000000000000000        0xc Src/syscalls.o
 .group         0x0000000000000000        0xc Src/syscalls.o
 .group         0x0000000000000000        0xc Src/syscalls.o
 .group         0x0000000000000000        0xc Src/syscalls.o
 .group         0x0000000000000000        0xc Src/syscalls.o
 .group         0x0000000000000000        0xc Src/syscalls.o
 .group         0x0000000000000000        0xc Src/syscalls.o
 .group         0x0000000000000000        0xc Src/syscalls.o
 .group         0x0000000000000000        0xc Src/syscalls.o
 .group         0x0000000000000000        0xc Src/syscalls.o
 .group         0x0000000000000000        0xc Src/syscalls.o
 .group         0x0000000000000000        0xc Src/syscalls.o
 .group         0x0000000000000000        0xc Src/syscalls.o
 .group         0x0000000000000000        0xc Src/syscalls.o
 .group         0x0000000000000000        0xc Src/syscalls.o
 .group         0x0000000000000000        0xc Src/syscalls.o
 .group         0x0000000000000000        0xc Src/syscalls.o
 .group         0x0000000000000000        0xc Src/syscalls.o
 .group         0x0000000000000000        0xc Src/syscalls.o
 .group         0x0000000000000000        0xc Src/syscalls.o
 .group         0x0000000000000000        0xc Src/syscalls.o
 .group         0x0000000000000000        0xc Src/syscalls.o
 .group         0x0000000000000000        0xc Src/syscalls.o
 .group         0x0000000000000000        0xc Src/syscalls.o
 .group         0x0000000000000000        0xc Src/syscalls.o
 .group         0x0000000000000000        0xc Src/syscalls.o
 .group         0x0000000000000000        0xc Src/syscalls.o
 .group         0x0000000000000000        0xc Src/syscalls.o
 .group         0x0000000000000000        0xc Src/syscalls.o
 .group         0x0000000000000000        0xc Src/syscalls.o
 .group         0x0000000000000000        0xc Src/syscalls.o
 .group         0x0000000000000000        0xc Src/syscalls.o
 .group         0x0000000000000000        0xc Src/syscalls.o
 .group         0x0000000000000000        0xc Src/syscalls.o
 .group         0x0000000000000000        0xc Src/syscalls.o
 .group         0x0000000000000000        0xc Src/syscalls.o
 .group         0x0000000000000000        0xc Src/syscalls.o
 .group         0x0000000000000000        0xc Src/syscalls.o
 .group         0x0000000000000000        0xc Src/syscalls.o
 .group         0x0000000000000000        0xc Src/syscalls.o
 .text          0x0000000000000000        0x0 Src/syscalls.o
 .data          0x0000000000000000        0x0 Src/syscalls.o
 .bss           0x0000000000000000        0x0 Src/syscalls.o
 .bss.__env     0x0000000000000000        0x4 Src/syscalls.o
 .data.environ  0x0000000000000000        0x4 Src/syscalls.o
 .text.initialise_monitor_handles
                0x0000000000000000        0xa Src/syscalls.o
 .text._getpid  0x0000000000000000        0xc Src/syscalls.o
 .text._kill    0x0000000000000000       0x20 Src/syscalls.o
 .text._exit    0x0000000000000000       0x18 Src/syscalls.o
 .text._read    0x0000000000000000       0x3a Src/syscalls.o
 .text._write   0x0000000000000000       0x38 Src/syscalls.o
 .text._close   0x0000000000000000       0x14 Src/syscalls.o
 .text._fstat   0x0000000000000000       0x1c Src/syscalls.o
 .text._isatty  0x0000000000000000       0x12 Src/syscalls.o
 .text._lseek   0x0000000000000000       0x16 Src/syscalls.o
 .text._open    0x0000000000000000       0x1c Src/syscalls.o
 .text._wait    0x0000000000000000       0x1e Src/syscalls.o
 .text._unlink  0x0000000000000000       0x1e Src/syscalls.o
 .text._times   0x0000000000000000       0x14 Src/syscalls.o
 .text._stat    0x0000000000000000       0x1c Src/syscalls.o
 .text._link    0x0000000000000000       0x20 Src/syscalls.o
 .text._fork    0x0000000000000000       0x18 Src/syscalls.o
 .text._execve  0x0000000000000000       0x22 Src/syscalls.o
 .debug_info    0x0000000000000000      0xfa8 Src/syscalls.o
 .debug_abbrev  0x0000000000000000      0x286 Src/syscalls.o
 .debug_aranges
                0x0000000000000000       0xa8 Src/syscalls.o
 .debug_ranges  0x0000000000000000       0x98 Src/syscalls.o
 .debug_macro   0x0000000000000000      0x24c Src/syscalls.o
 .debug_macro   0x0000000000000000      0xa84 Src/syscalls.o
 .debug_macro   0x0000000000000000       0x22 Src/syscalls.o
 .debug_macro   0x0000000000000000       0x4c Src/syscalls.o
 .debug_macro   0x0000000000000000       0x18 Src/syscalls.o
 .debug_macro   0x0000000000000000       0x94 Src/syscalls.o
 .debug_macro   0x0000000000000000       0x3c Src/syscalls.o
 .debug_macro   0x0000000000000000       0x34 Src/syscalls.o
 .debug_macro   0x0000000000000000       0x57 Src/syscalls.o
 .debug_macro   0x0000000000000000      0x174 Src/syscalls.o
 .debug_macro   0x0000000000000000      0x339 Src/syscalls.o
 .debug_macro   0x0000000000000000       0x16 Src/syscalls.o
 .debug_macro   0x0000000000000000       0x43 Src/syscalls.o
 .debug_macro   0x0000000000000000       0x34 Src/syscalls.o
 .debug_macro   0x0000000000000000       0x10 Src/syscalls.o
 .debug_macro   0x0000000000000000       0x58 Src/syscalls.o
 .debug_macro   0x0000000000000000       0x71 Src/syscalls.o
 .debug_macro   0x0000000000000000       0x1c Src/syscalls.o
 .debug_macro   0x0000000000000000      0x12a Src/syscalls.o
 .debug_macro   0x0000000000000000       0x10 Src/syscalls.o
 .debug_macro   0x0000000000000000       0x35 Src/syscalls.o
 .debug_macro   0x0000000000000000       0x10 Src/syscalls.o
 .debug_macro   0x0000000000000000       0x10 Src/syscalls.o
 .debug_macro   0x0000000000000000       0x10 Src/syscalls.o
 .debug_macro   0x0000000000000000       0x6a Src/syscalls.o
 .debug_macro   0x0000000000000000       0x1c Src/syscalls.o
 .debug_macro   0x0000000000000000       0x52 Src/syscalls.o
 .debug_macro   0x0000000000000000       0x22 Src/syscalls.o
 .debug_macro   0x0000000000000000       0x10 Src/syscalls.o
 .debug_macro   0x0000000000000000       0x40 Src/syscalls.o
 .debug_macro   0x0000000000000000       0xd5 Src/syscalls.o
 .debug_macro   0x0000000000000000       0x1c Src/syscalls.o
 .debug_macro   0x0000000000000000       0x3d Src/syscalls.o
 .debug_macro   0x0000000000000000       0x35 Src/syscalls.o
 .debug_macro   0x0000000000000000      0x12c Src/syscalls.o
 .debug_macro   0x0000000000000000       0x16 Src/syscalls.o
 .debug_macro   0x0000000000000000       0x16 Src/syscalls.o
 .debug_macro   0x0000000000000000       0x29 Src/syscalls.o
 .debug_macro   0x0000000000000000       0x10 Src/syscalls.o
 .debug_macro   0x0000000000000000      0x241 Src/syscalls.o
 .debug_macro   0x0000000000000000       0x1c Src/syscalls.o
 .debug_macro   0x0000000000000000       0x10 Src/syscalls.o
 .debug_macro   0x0000000000000000       0x10 Src/syscalls.o
 .debug_macro   0x0000000000000000       0x16 Src/syscalls.o
 .debug_macro   0x0000000000000000      0x145 Src/syscalls.o
 .debug_macro   0x0000000000000000      0x189 Src/syscalls.o
 .debug_macro   0x0000000000000000       0x16 Src/syscalls.o
 .debug_macro   0x0000000000000000       0xce Src/syscalls.o
 .debug_line    0x0000000000000000      0x7fd Src/syscalls.o
 .debug_str     0x0000000000000000     0x8de6 Src/syscalls.o
 .comment       0x0000000000000000       0x54 Src/syscalls.o
 .debug_frame   0x0000000000000000      0x244 Src/syscalls.o
 .ARM.attributes
                0x0000000000000000       0x2c Src/syscalls.o
 .group         0x0000000000000000        0xc Src/sysmem.o
 .group         0x0000000000000000        0xc Src/sysmem.o
 .group         0x0000000000000000        0xc Src/sysmem.o
 .group         0x0000000000000000        0xc Src/sysmem.o
 .group         0x0000000000000000        0xc Src/sysmem.o
 .group         0x0000000000000000        0xc Src/sysmem.o
 .group         0x0000000000000000        0xc Src/sysmem.o
 .group         0x0000000000000000        0xc Src/sysmem.o
 .group         0x0000000000000000        0xc Src/sysmem.o
 .group         0x0000000000000000        0xc Src/sysmem.o
 .group         0x0000000000000000        0xc Src/sysmem.o
 .group         0x0000000000000000        0xc Src/sysmem.o
 .group         0x0000000000000000        0xc Src/sysmem.o
 .group         0x0000000000000000        0xc Src/sysmem.o
 .group         0x0000000000000000        0xc Src/sysmem.o
 .group         0x0000000000000000        0xc Src/sysmem.o
 .group         0x0000000000000000        0xc Src/sysmem.o
 .group         0x0000000000000000        0xc Src/sysmem.o
 .group         0x0000000000000000        0xc Src/sysmem.o
 .group         0x0000000000000000        0xc Src/sysmem.o
 .group         0x0000000000000000        0xc Src/sysmem.o
 .group         0x0000000000000000        0xc Src/sysmem.o
 .text          0x0000000000000000        0x0 Src/sysmem.o
 .data          0x0000000000000000        0x0 Src/sysmem.o
 .bss           0x0000000000000000        0x0 Src/sysmem.o
 .bss.__sbrk_heap_end
                0x0000000000000000        0x4 Src/sysmem.o
 .text._sbrk    0x0000000000000000       0x6c Src/sysmem.o
 .debug_info    0x0000000000000000      0xa25 Src/sysmem.o
 .debug_abbrev  0x0000000000000000      0x1bf Src/sysmem.o
 .debug_aranges
                0x0000000000000000       0x20 Src/sysmem.o
 .debug_ranges  0x0000000000000000       0x10 Src/sysmem.o
 .debug_macro   0x0000000000000000       0xff Src/sysmem.o
 .debug_macro   0x0000000000000000      0xa84 Src/sysmem.o
 .debug_macro   0x0000000000000000       0x10 Src/sysmem.o
 .debug_macro   0x0000000000000000       0x22 Src/sysmem.o
 .debug_macro   0x0000000000000000       0x4c Src/sysmem.o
 .debug_macro   0x0000000000000000       0x18 Src/sysmem.o
 .debug_macro   0x0000000000000000       0x94 Src/sysmem.o
 .debug_macro   0x0000000000000000       0x3c Src/sysmem.o
 .debug_macro   0x0000000000000000       0x34 Src/sysmem.o
 .debug_macro   0x0000000000000000      0x174 Src/sysmem.o
 .debug_macro   0x0000000000000000       0x16 Src/sysmem.o
 .debug_macro   0x0000000000000000       0x43 Src/sysmem.o
 .debug_macro   0x0000000000000000       0x57 Src/sysmem.o
 .debug_macro   0x0000000000000000       0x34 Src/sysmem.o
 .debug_macro   0x0000000000000000       0x10 Src/sysmem.o
 .debug_macro   0x0000000000000000       0x58 Src/sysmem.o
 .debug_macro   0x0000000000000000       0x71 Src/sysmem.o
 .debug_macro   0x0000000000000000       0x1c Src/sysmem.o
 .debug_macro   0x0000000000000000      0x12a Src/sysmem.o
 .debug_macro   0x0000000000000000      0x23b Src/sysmem.o
 .debug_macro   0x0000000000000000      0x103 Src/sysmem.o
 .debug_macro   0x0000000000000000       0x6a Src/sysmem.o
 .debug_macro   0x0000000000000000      0x1df Src/sysmem.o
 .debug_line    0x0000000000000000      0x4f3 Src/sysmem.o
 .debug_str     0x0000000000000000     0x61b9 Src/sysmem.o
 .comment       0x0000000000000000       0x54 Src/sysmem.o
 .debug_frame   0x0000000000000000       0x30 Src/sysmem.o
 .ARM.attributes
                0x0000000000000000       0x2c Src/sysmem.o
 .group         0x0000000000000000        0xc Src/tilt_sensor.o
 .group         0x0000000000000000        0xc Src/tilt_sensor.o
 .group         0x0000000000000000        0xc Src/tilt_sensor.o
 .group         0x0000000000000000        0xc Src/tilt_sensor.o
 .group         0x0000000000000000        0xc Src/tilt_sensor.o
 .group         0x0000000000000000        0xc Src/tilt_sensor.o
 .group         0x0000000000000000        0xc Src/tilt_sensor.o
 .group         0x0000000000000000        0xc Src/tilt_sensor.o
 .group         0x0000000000000000        0xc Src/tilt_sensor.o
 .group         0x0000000000000000        0xc Src/tilt_sensor.o
 .group         0x0000000000000000        0xc Src/tilt_sensor.o
 .group         0x0000000000000000        0xc Src/tilt_sensor.o
 .group         0x0000000000000000        0xc Src/tilt_sensor.o
 .group         0x0000000000000000        0xc Src/tilt_sensor.o
 .group         0x0000000000000000        0xc Src/tilt_sensor.o
 .group         0x0000000000000000        0xc Src/tilt_sensor.o
 .group         0x0000000000000000        0xc Src/tilt_sensor.o
 .group         0x0000000000000000        0xc Src/tilt_sensor.o
 .text          0x0000000000000000        0x0 Src/tilt_sensor.o
 .data          0x0000000000000000        0x0 Src/tilt_sensor.o
 .bss           0x0000000000000000        0x0 Src/tilt_sensor.o
 .debug_macro   0x0000000000000000      0xa84 Src/tilt_sensor.o
 .debug_macro   0x0000000000000000       0x2e Src/tilt_sensor.o
 .debug_macro   0x0000000000000000       0x22 Src/tilt_sensor.o
 .debug_macro   0x0000000000000000       0x22 Src/tilt_sensor.o
 .debug_macro   0x0000000000000000       0x8e Src/tilt_sensor.o
 .debug_macro   0x0000000000000000       0x51 Src/tilt_sensor.o
 .debug_macro   0x0000000000000000      0x103 Src/tilt_sensor.o
 .debug_macro   0x0000000000000000       0x6a Src/tilt_sensor.o
 .debug_macro   0x0000000000000000      0x1df Src/tilt_sensor.o
 .debug_macro   0x0000000000000000       0x1c Src/tilt_sensor.o
 .debug_macro   0x0000000000000000       0x22 Src/tilt_sensor.o
 .debug_macro   0x0000000000000000       0xb5 Src/tilt_sensor.o
 .debug_macro   0x0000000000000000      0x391 Src/tilt_sensor.o
 .debug_macro   0x0000000000000000     0x8cdd Src/tilt_sensor.o
 .debug_macro   0x0000000000000000       0x3c Src/tilt_sensor.o
 .debug_macro   0x0000000000000000       0x10 Src/tilt_sensor.o
 .debug_macro   0x0000000000000000       0x16 Src/tilt_sensor.o
 .debug_macro   0x0000000000000000       0x22 Src/tilt_sensor.o
 .group         0x0000000000000000        0xc Src/tim.o
 .group         0x0000000000000000        0xc Src/tim.o
 .group         0x0000000000000000        0xc Src/tim.o
 .group         0x0000000000000000        0xc Src/tim.o
 .group         0x0000000000000000        0xc Src/tim.o
 .group         0x0000000000000000        0xc Src/tim.o
 .group         0x0000000000000000        0xc Src/tim.o
 .group         0x0000000000000000        0xc Src/tim.o
 .group         0x0000000000000000        0xc Src/tim.o
 .group         0x0000000000000000        0xc Src/tim.o
 .group         0x0000000000000000        0xc Src/tim.o
 .group         0x0000000000000000        0xc Src/tim.o
 .group         0x0000000000000000        0xc Src/tim.o
 .group         0x0000000000000000        0xc Src/tim.o
 .group         0x0000000000000000        0xc Src/tim.o
 .group         0x0000000000000000        0xc Src/tim.o
 .group         0x0000000000000000        0xc Src/tim.o
 .group         0x0000000000000000        0xc Src/tim.o
 .text          0x0000000000000000        0x0 Src/tim.o
 .data          0x0000000000000000        0x0 Src/tim.o
 .bss           0x0000000000000000        0x0 Src/tim.o
 .debug_macro   0x0000000000000000      0xa84 Src/tim.o
 .debug_macro   0x0000000000000000       0x2e Src/tim.o
 .debug_macro   0x0000000000000000       0x22 Src/tim.o
 .debug_macro   0x0000000000000000       0x22 Src/tim.o
 .debug_macro   0x0000000000000000       0x8e Src/tim.o
 .debug_macro   0x0000000000000000       0x51 Src/tim.o
 .debug_macro   0x0000000000000000      0x103 Src/tim.o
 .debug_macro   0x0000000000000000       0x6a Src/tim.o
 .debug_macro   0x0000000000000000      0x1df Src/tim.o
 .debug_macro   0x0000000000000000       0x1c Src/tim.o
 .debug_macro   0x0000000000000000       0x22 Src/tim.o
 .debug_macro   0x0000000000000000       0xb5 Src/tim.o
 .debug_macro   0x0000000000000000      0x391 Src/tim.o
 .debug_macro   0x0000000000000000     0x8cdd Src/tim.o
 .debug_macro   0x0000000000000000       0x3c Src/tim.o
 .debug_macro   0x0000000000000000       0x10 Src/tim.o
 .debug_macro   0x0000000000000000       0x16 Src/tim.o
 .debug_macro   0x0000000000000000       0x22 Src/tim.o
 .group         0x0000000000000000        0xc Src/transfer.o
 .group         0x0000000000000000        0xc Src/transfer.o
 .group         0x0000000000000000        0xc Src/transfer.o
 .group         0x0000000000000000        0xc Src/transfer.o
 .group         0x0000000000000000        0xc Src/transfer.o
 .group         0x0000000000000000        0xc Src/transfer.o
 .group         0x0000000000000000        0xc Src/transfer.o
 .group         0x0000000000000000        0xc Src/transfer.o
 .group         0x0000000000000000        0xc Src/transfer.o
 .group         0x0000000000000000        0xc Src/transfer.o
 .group         0x0000000000000000        0xc Src/transfer.o
 .group         0x0000000000000000        0xc Src/transfer.o
 .group         0x0000000000000000        0xc Src/transfer.o
 .group         0x0000000000000000        0xc Src/transfer.o
 .group         0x0000000000000000        0xc Src/transfer.o
 .group         0x0000000000000000        0xc Src/transfer.o
 .group         0x0000000000000000        0xc Src/transfer.o
 .group         0x0000000000000000        0xc Src/transfer.o
 .text          0x0000000000000000        0x0 Src/transfer.o
 .data          0x0000000000000000        0x0 Src/transfer.o
 .bss           0x0000000000000000        0x0 Src/transfer.o
 .debug_macro   0x0000000000000000      0xa84 Src/transfer.o
 .debug_macro   0x0000000000000000       0x2e Src/transfer.o
 .debug_macro   0x0000000000000000       0x22 Src/transfer.o
 .debug_macro   0x0000000000000000       0x22 Src/transfer.o
 .debug_macro   0x0000000000000000       0x8e Src/transfer.o
 .debug_macro   0x0000000000000000       0x51 Src/transfer.o
 .debug_macro   0x0000000000000000      0x103 Src/transfer.o
 .debug_macro   0x0000000000000000       0x6a Src/transfer.o
 .debug_macro   0x0000000000000000      0x1df Src/transfer.o
 .debug_macro   0x0000000000000000       0x1c Src/transfer.o
 .debug_macro   0x0000000000000000       0x22 Src/transfer.o
 .debug_macro   0x0000000000000000       0xb5 Src/transfer.o
 .debug_macro   0x0000000000000000      0x391 Src/transfer.o
 .debug_macro   0x0000000000000000     0x8cdd Src/transfer.o
 .debug_macro   0x0000000000000000       0x3c Src/transfer.o
 .debug_macro   0x0000000000000000       0x10 Src/transfer.o
 .debug_macro   0x0000000000000000       0x22 Src/transfer.o
 .group         0x0000000000000000        0xc Src/usart.o
 .group         0x0000000000000000        0xc Src/usart.o
 .group         0x0000000000000000        0xc Src/usart.o
 .group         0x0000000000000000        0xc Src/usart.o
 .group         0x0000000000000000        0xc Src/usart.o
 .group         0x0000000000000000        0xc Src/usart.o
 .group         0x0000000000000000        0xc Src/usart.o
 .group         0x0000000000000000        0xc Src/usart.o
 .group         0x0000000000000000        0xc Src/usart.o
 .group         0x0000000000000000        0xc Src/usart.o
 .group         0x0000000000000000        0xc Src/usart.o
 .group         0x0000000000000000        0xc Src/usart.o
 .group         0x0000000000000000        0xc Src/usart.o
 .group         0x0000000000000000        0xc Src/usart.o
 .group         0x0000000000000000        0xc Src/usart.o
 .group         0x0000000000000000        0xc Src/usart.o
 .group         0x0000000000000000        0xc Src/usart.o
 .text          0x0000000000000000        0x0 Src/usart.o
 .data          0x0000000000000000        0x0 Src/usart.o
 .bss           0x0000000000000000        0x0 Src/usart.o
 .text.gpio_diodes_init
                0x0000000000000000       0x30 Src/usart.o
 .debug_macro   0x0000000000000000      0xa84 Src/usart.o
 .debug_macro   0x0000000000000000       0x2e Src/usart.o
 .debug_macro   0x0000000000000000       0x22 Src/usart.o
 .debug_macro   0x0000000000000000       0x22 Src/usart.o
 .debug_macro   0x0000000000000000       0x8e Src/usart.o
 .debug_macro   0x0000000000000000       0x51 Src/usart.o
 .debug_macro   0x0000000000000000      0x103 Src/usart.o
 .debug_macro   0x0000000000000000       0x6a Src/usart.o
 .debug_macro   0x0000000000000000      0x1df Src/usart.o
 .debug_macro   0x0000000000000000       0x1c Src/usart.o
 .debug_macro   0x0000000000000000       0x22 Src/usart.o
 .debug_macro   0x0000000000000000       0xb5 Src/usart.o
 .debug_macro   0x0000000000000000      0x391 Src/usart.o
 .debug_macro   0x0000000000000000     0x8cdd Src/usart.o
 .debug_macro   0x0000000000000000       0x3c Src/usart.o
 .debug_macro   0x0000000000000000       0x16 Src/usart.o
 .debug_macro   0x0000000000000000       0x22 Src/usart.o
 .text          0x0000000000000000       0x14 Startup/startup_stm32f051r8tx.o
 .data          0x0000000000000000        0x0 Startup/startup_stm32f051r8tx.o
 .bss           0x0000000000000000        0x0 Startup/startup_stm32f051r8tx.o
 .text          0x0000000000000000        0x0 c:/st/stm32cubeide_1.6.0/stm32cubeide/plugins/com.st.stm32cube.ide.mcu.externaltools.gnu-tools-for-stm32.9-2020-q2-update.win32_1.5.0.202011040924/tools/bin/../lib/gcc/arm-none-eabi/9.3.1/../../../../arm-none-eabi/lib/thumb/v6-m/nofp\libc_nano.a(lib_a-errno.o)
 .data          0x0000000000000000        0x0 c:/st/stm32cubeide_1.6.0/stm32cubeide/plugins/com.st.stm32cube.ide.mcu.externaltools.gnu-tools-for-stm32.9-2020-q2-update.win32_1.5.0.202011040924/tools/bin/../lib/gcc/arm-none-eabi/9.3.1/../../../../arm-none-eabi/lib/thumb/v6-m/nofp\libc_nano.a(lib_a-errno.o)
 .bss           0x0000000000000000        0x0 c:/st/stm32cubeide_1.6.0/stm32cubeide/plugins/com.st.stm32cube.ide.mcu.externaltools.gnu-tools-for-stm32.9-2020-q2-update.win32_1.5.0.202011040924/tools/bin/../lib/gcc/arm-none-eabi/9.3.1/../../../../arm-none-eabi/lib/thumb/v6-m/nofp\libc_nano.a(lib_a-errno.o)
 .text.__errno  0x0000000000000000        0xc c:/st/stm32cubeide_1.6.0/stm32cubeide/plugins/com.st.stm32cube.ide.mcu.externaltools.gnu-tools-for-stm32.9-2020-q2-update.win32_1.5.0.202011040924/tools/bin/../lib/gcc/arm-none-eabi/9.3.1/../../../../arm-none-eabi/lib/thumb/v6-m/nofp\libc_nano.a(lib_a-errno.o)
 .debug_frame   0x0000000000000000       0x20 c:/st/stm32cubeide_1.6.0/stm32cubeide/plugins/com.st.stm32cube.ide.mcu.externaltools.gnu-tools-for-stm32.9-2020-q2-update.win32_1.5.0.202011040924/tools/bin/../lib/gcc/arm-none-eabi/9.3.1/../../../../arm-none-eabi/lib/thumb/v6-m/nofp\libc_nano.a(lib_a-errno.o)
 .ARM.attributes
                0x0000000000000000       0x2c c:/st/stm32cubeide_1.6.0/stm32cubeide/plugins/com.st.stm32cube.ide.mcu.externaltools.gnu-tools-for-stm32.9-2020-q2-update.win32_1.5.0.202011040924/tools/bin/../lib/gcc/arm-none-eabi/9.3.1/../../../../arm-none-eabi/lib/thumb/v6-m/nofp\libc_nano.a(lib_a-errno.o)
 .text          0x0000000000000000        0x0 c:/st/stm32cubeide_1.6.0/stm32cubeide/plugins/com.st.stm32cube.ide.mcu.externaltools.gnu-tools-for-stm32.9-2020-q2-update.win32_1.5.0.202011040924/tools/bin/../lib/gcc/arm-none-eabi/9.3.1/../../../../arm-none-eabi/lib/thumb/v6-m/nofp\libc_nano.a(lib_a-exit.o)
 .data          0x0000000000000000        0x0 c:/st/stm32cubeide_1.6.0/stm32cubeide/plugins/com.st.stm32cube.ide.mcu.externaltools.gnu-tools-for-stm32.9-2020-q2-update.win32_1.5.0.202011040924/tools/bin/../lib/gcc/arm-none-eabi/9.3.1/../../../../arm-none-eabi/lib/thumb/v6-m/nofp\libc_nano.a(lib_a-exit.o)
 .bss           0x0000000000000000        0x0 c:/st/stm32cubeide_1.6.0/stm32cubeide/plugins/com.st.stm32cube.ide.mcu.externaltools.gnu-tools-for-stm32.9-2020-q2-update.win32_1.5.0.202011040924/tools/bin/../lib/gcc/arm-none-eabi/9.3.1/../../../../arm-none-eabi/lib/thumb/v6-m/nofp\libc_nano.a(lib_a-exit.o)
 .text.exit     0x0000000000000000       0x2c c:/st/stm32cubeide_1.6.0/stm32cubeide/plugins/com.st.stm32cube.ide.mcu.externaltools.gnu-tools-for-stm32.9-2020-q2-update.win32_1.5.0.202011040924/tools/bin/../lib/gcc/arm-none-eabi/9.3.1/../../../../arm-none-eabi/lib/thumb/v6-m/nofp\libc_nano.a(lib_a-exit.o)
 .debug_frame   0x0000000000000000       0x28 c:/st/stm32cubeide_1.6.0/stm32cubeide/plugins/com.st.stm32cube.ide.mcu.externaltools.gnu-tools-for-stm32.9-2020-q2-update.win32_1.5.0.202011040924/tools/bin/../lib/gcc/arm-none-eabi/9.3.1/../../../../arm-none-eabi/lib/thumb/v6-m/nofp\libc_nano.a(lib_a-exit.o)
 .ARM.attributes
                0x0000000000000000       0x2c c:/st/stm32cubeide_1.6.0/stm32cubeide/plugins/com.st.stm32cube.ide.mcu.externaltools.gnu-tools-for-stm32.9-2020-q2-update.win32_1.5.0.202011040924/tools/bin/../lib/gcc/arm-none-eabi/9.3.1/../../../../arm-none-eabi/lib/thumb/v6-m/nofp\libc_nano.a(lib_a-exit.o)
 .text          0x0000000000000000        0x0 c:/st/stm32cubeide_1.6.0/stm32cubeide/plugins/com.st.stm32cube.ide.mcu.externaltools.gnu-tools-for-stm32.9-2020-q2-update.win32_1.5.0.202011040924/tools/bin/../lib/gcc/arm-none-eabi/9.3.1/../../../../arm-none-eabi/lib/thumb/v6-m/nofp\libc_nano.a(lib_a-impure.o)
 .data          0x0000000000000000        0x0 c:/st/stm32cubeide_1.6.0/stm32cubeide/plugins/com.st.stm32cube.ide.mcu.externaltools.gnu-tools-for-stm32.9-2020-q2-update.win32_1.5.0.202011040924/tools/bin/../lib/gcc/arm-none-eabi/9.3.1/../../../../arm-none-eabi/lib/thumb/v6-m/nofp\libc_nano.a(lib_a-impure.o)
 .bss           0x0000000000000000        0x0 c:/st/stm32cubeide_1.6.0/stm32cubeide/plugins/com.st.stm32cube.ide.mcu.externaltools.gnu-tools-for-stm32.9-2020-q2-update.win32_1.5.0.202011040924/tools/bin/../lib/gcc/arm-none-eabi/9.3.1/../../../../arm-none-eabi/lib/thumb/v6-m/nofp\libc_nano.a(lib_a-impure.o)
 .data._impure_ptr
                0x0000000000000000        0x4 c:/st/stm32cubeide_1.6.0/stm32cubeide/plugins/com.st.stm32cube.ide.mcu.externaltools.gnu-tools-for-stm32.9-2020-q2-update.win32_1.5.0.202011040924/tools/bin/../lib/gcc/arm-none-eabi/9.3.1/../../../../arm-none-eabi/lib/thumb/v6-m/nofp\libc_nano.a(lib_a-impure.o)
 .data.impure_data
                0x0000000000000000       0x60 c:/st/stm32cubeide_1.6.0/stm32cubeide/plugins/com.st.stm32cube.ide.mcu.externaltools.gnu-tools-for-stm32.9-2020-q2-update.win32_1.5.0.202011040924/tools/bin/../lib/gcc/arm-none-eabi/9.3.1/../../../../arm-none-eabi/lib/thumb/v6-m/nofp\libc_nano.a(lib_a-impure.o)
 .rodata._global_impure_ptr
                0x0000000000000000        0x4 c:/st/stm32cubeide_1.6.0/stm32cubeide/plugins/com.st.stm32cube.ide.mcu.externaltools.gnu-tools-for-stm32.9-2020-q2-update.win32_1.5.0.202011040924/tools/bin/../lib/gcc/arm-none-eabi/9.3.1/../../../../arm-none-eabi/lib/thumb/v6-m/nofp\libc_nano.a(lib_a-impure.o)
 .ARM.attributes
                0x0000000000000000       0x2c c:/st/stm32cubeide_1.6.0/stm32cubeide/plugins/com.st.stm32cube.ide.mcu.externaltools.gnu-tools-for-stm32.9-2020-q2-update.win32_1.5.0.202011040924/tools/bin/../lib/gcc/arm-none-eabi/9.3.1/../../../../arm-none-eabi/lib/thumb/v6-m/nofp\libc_nano.a(lib_a-impure.o)
 .text          0x0000000000000000        0x0 c:/st/stm32cubeide_1.6.0/stm32cubeide/plugins/com.st.stm32cube.ide.mcu.externaltools.gnu-tools-for-stm32.9-2020-q2-update.win32_1.5.0.202011040924/tools/bin/../lib/gcc/arm-none-eabi/9.3.1/../../../../arm-none-eabi/lib/thumb/v6-m/nofp\libc_nano.a(lib_a-init.o)
 .data          0x0000000000000000        0x0 c:/st/stm32cubeide_1.6.0/stm32cubeide/plugins/com.st.stm32cube.ide.mcu.externaltools.gnu-tools-for-stm32.9-2020-q2-update.win32_1.5.0.202011040924/tools/bin/../lib/gcc/arm-none-eabi/9.3.1/../../../../arm-none-eabi/lib/thumb/v6-m/nofp\libc_nano.a(lib_a-init.o)
 .bss           0x0000000000000000        0x0 c:/st/stm32cubeide_1.6.0/stm32cubeide/plugins/com.st.stm32cube.ide.mcu.externaltools.gnu-tools-for-stm32.9-2020-q2-update.win32_1.5.0.202011040924/tools/bin/../lib/gcc/arm-none-eabi/9.3.1/../../../../arm-none-eabi/lib/thumb/v6-m/nofp\libc_nano.a(lib_a-init.o)
 .text          0x0000000000000000        0x0 c:/st/stm32cubeide_1.6.0/stm32cubeide/plugins/com.st.stm32cube.ide.mcu.externaltools.gnu-tools-for-stm32.9-2020-q2-update.win32_1.5.0.202011040924/tools/bin/../lib/gcc/arm-none-eabi/9.3.1/../../../../arm-none-eabi/lib/thumb/v6-m/nofp\libc_nano.a(lib_a-memset.o)
 .data          0x0000000000000000        0x0 c:/st/stm32cubeide_1.6.0/stm32cubeide/plugins/com.st.stm32cube.ide.mcu.externaltools.gnu-tools-for-stm32.9-2020-q2-update.win32_1.5.0.202011040924/tools/bin/../lib/gcc/arm-none-eabi/9.3.1/../../../../arm-none-eabi/lib/thumb/v6-m/nofp\libc_nano.a(lib_a-memset.o)
 .bss           0x0000000000000000        0x0 c:/st/stm32cubeide_1.6.0/stm32cubeide/plugins/com.st.stm32cube.ide.mcu.externaltools.gnu-tools-for-stm32.9-2020-q2-update.win32_1.5.0.202011040924/tools/bin/../lib/gcc/arm-none-eabi/9.3.1/../../../../arm-none-eabi/lib/thumb/v6-m/nofp\libc_nano.a(lib_a-memset.o)
 .text.memset   0x0000000000000000       0x10 c:/st/stm32cubeide_1.6.0/stm32cubeide/plugins/com.st.stm32cube.ide.mcu.externaltools.gnu-tools-for-stm32.9-2020-q2-update.win32_1.5.0.202011040924/tools/bin/../lib/gcc/arm-none-eabi/9.3.1/../../../../arm-none-eabi/lib/thumb/v6-m/nofp\libc_nano.a(lib_a-memset.o)
 .debug_frame   0x0000000000000000       0x20 c:/st/stm32cubeide_1.6.0/stm32cubeide/plugins/com.st.stm32cube.ide.mcu.externaltools.gnu-tools-for-stm32.9-2020-q2-update.win32_1.5.0.202011040924/tools/bin/../lib/gcc/arm-none-eabi/9.3.1/../../../../arm-none-eabi/lib/thumb/v6-m/nofp\libc_nano.a(lib_a-memset.o)
 .ARM.attributes
                0x0000000000000000       0x2c c:/st/stm32cubeide_1.6.0/stm32cubeide/plugins/com.st.stm32cube.ide.mcu.externaltools.gnu-tools-for-stm32.9-2020-q2-update.win32_1.5.0.202011040924/tools/bin/../lib/gcc/arm-none-eabi/9.3.1/../../../../arm-none-eabi/lib/thumb/v6-m/nofp\libc_nano.a(lib_a-memset.o)
 .data          0x0000000000000000        0x0 c:/st/stm32cubeide_1.6.0/stm32cubeide/plugins/com.st.stm32cube.ide.mcu.externaltools.gnu-tools-for-stm32.9-2020-q2-update.win32_1.5.0.202011040924/tools/bin/../lib/gcc/arm-none-eabi/9.3.1/thumb/v6-m/nofp\libgcc.a(_udivsi3.o)
 .bss           0x0000000000000000        0x0 c:/st/stm32cubeide_1.6.0/stm32cubeide/plugins/com.st.stm32cube.ide.mcu.externaltools.gnu-tools-for-stm32.9-2020-q2-update.win32_1.5.0.202011040924/tools/bin/../lib/gcc/arm-none-eabi/9.3.1/thumb/v6-m/nofp\libgcc.a(_udivsi3.o)
 .data          0x0000000000000000        0x0 c:/st/stm32cubeide_1.6.0/stm32cubeide/plugins/com.st.stm32cube.ide.mcu.externaltools.gnu-tools-for-stm32.9-2020-q2-update.win32_1.5.0.202011040924/tools/bin/../lib/gcc/arm-none-eabi/9.3.1/thumb/v6-m/nofp\libgcc.a(_dvmd_tls.o)
 .bss           0x0000000000000000        0x0 c:/st/stm32cubeide_1.6.0/stm32cubeide/plugins/com.st.stm32cube.ide.mcu.externaltools.gnu-tools-for-stm32.9-2020-q2-update.win32_1.5.0.202011040924/tools/bin/../lib/gcc/arm-none-eabi/9.3.1/thumb/v6-m/nofp\libgcc.a(_dvmd_tls.o)
 .text          0x0000000000000000        0x0 c:/st/stm32cubeide_1.6.0/stm32cubeide/plugins/com.st.stm32cube.ide.mcu.externaltools.gnu-tools-for-stm32.9-2020-q2-update.win32_1.5.0.202011040924/tools/bin/../lib/gcc/arm-none-eabi/9.3.1/thumb/v6-m/nofp/crtend.o
 .data          0x0000000000000000        0x0 c:/st/stm32cubeide_1.6.0/stm32cubeide/plugins/com.st.stm32cube.ide.mcu.externaltools.gnu-tools-for-stm32.9-2020-q2-update.win32_1.5.0.202011040924/tools/bin/../lib/gcc/arm-none-eabi/9.3.1/thumb/v6-m/nofp/crtend.o
 .bss           0x0000000000000000        0x0 c:/st/stm32cubeide_1.6.0/stm32cubeide/plugins/com.st.stm32cube.ide.mcu.externaltools.gnu-tools-for-stm32.9-2020-q2-update.win32_1.5.0.202011040924/tools/bin/../lib/gcc/arm-none-eabi/9.3.1/thumb/v6-m/nofp/crtend.o
 .eh_frame      0x0000000000000000        0x4 c:/st/stm32cubeide_1.6.0/stm32cubeide/plugins/com.st.stm32cube.ide.mcu.externaltools.gnu-tools-for-stm32.9-2020-q2-update.win32_1.5.0.202011040924/tools/bin/../lib/gcc/arm-none-eabi/9.3.1/thumb/v6-m/nofp/crtend.o
 .ARM.attributes
                0x0000000000000000       0x2c c:/st/stm32cubeide_1.6.0/stm32cubeide/plugins/com.st.stm32cube.ide.mcu.externaltools.gnu-tools-for-stm32.9-2020-q2-update.win32_1.5.0.202011040924/tools/bin/../lib/gcc/arm-none-eabi/9.3.1/thumb/v6-m/nofp/crtend.o
 .text          0x0000000000000000        0x0 c:/st/stm32cubeide_1.6.0/stm32cubeide/plugins/com.st.stm32cube.ide.mcu.externaltools.gnu-tools-for-stm32.9-2020-q2-update.win32_1.5.0.202011040924/tools/bin/../lib/gcc/arm-none-eabi/9.3.1/thumb/v6-m/nofp/crtn.o
 .data          0x0000000000000000        0x0 c:/st/stm32cubeide_1.6.0/stm32cubeide/plugins/com.st.stm32cube.ide.mcu.externaltools.gnu-tools-for-stm32.9-2020-q2-update.win32_1.5.0.202011040924/tools/bin/../lib/gcc/arm-none-eabi/9.3.1/thumb/v6-m/nofp/crtn.o
 .bss           0x0000000000000000        0x0 c:/st/stm32cubeide_1.6.0/stm32cubeide/plugins/com.st.stm32cube.ide.mcu.externaltools.gnu-tools-for-stm32.9-2020-q2-update.win32_1.5.0.202011040924/tools/bin/../lib/gcc/arm-none-eabi/9.3.1/thumb/v6-m/nofp/crtn.o

Memory Configuration

Name             Origin             Length             Attributes
RAM              0x0000000020000000 0x0000000000002000 xrw
FLASH            0x0000000008000000 0x0000000000010000 xr
*default*        0x0000000000000000 0xffffffffffffffff

Linker script and memory map

LOAD c:/st/stm32cubeide_1.6.0/stm32cubeide/plugins/com.st.stm32cube.ide.mcu.externaltools.gnu-tools-for-stm32.9-2020-q2-update.win32_1.5.0.202011040924/tools/bin/../lib/gcc/arm-none-eabi/9.3.1/thumb/v6-m/nofp/crti.o
LOAD c:/st/stm32cubeide_1.6.0/stm32cubeide/plugins/com.st.stm32cube.ide.mcu.externaltools.gnu-tools-for-stm32.9-2020-q2-update.win32_1.5.0.202011040924/tools/bin/../lib/gcc/arm-none-eabi/9.3.1/thumb/v6-m/nofp/crtbegin.o
LOAD c:/st/stm32cubeide_1.6.0/stm32cubeide/plugins/com.st.stm32cube.ide.mcu.externaltools.gnu-tools-for-stm32.9-2020-q2-update.win32_1.5.0.202011040924/tools/bin/../lib/gcc/arm-none-eabi/9.3.1/../../../../arm-none-eabi/lib/thumb/v6-m/nofp/crt0.o
LOAD CMSIS/Src/system_stm32f0xx.o
LOAD Src/encoder1.o
LOAD Src/main.o
LOAD Src/syscalls.o
LOAD Src/sysmem.o
LOAD Src/tilt_sensor.o
LOAD Src/tim.o
LOAD Src/transfer.o
LOAD Src/usart.o
LOAD Startup/startup_stm32f051r8tx.o
START GROUP
LOAD c:/st/stm32cubeide_1.6.0/stm32cubeide/plugins/com.st.stm32cube.ide.mcu.externaltools.gnu-tools-for-stm32.9-2020-q2-update.win32_1.5.0.202011040924/tools/bin/../lib/gcc/arm-none-eabi/9.3.1/../../../../arm-none-eabi/lib/thumb/v6-m/nofp\libstdc++_nano.a
LOAD c:/st/stm32cubeide_1.6.0/stm32cubeide/plugins/com.st.stm32cube.ide.mcu.externaltools.gnu-tools-for-stm32.9-2020-q2-update.win32_1.5.0.202011040924/tools/bin/../lib/gcc/arm-none-eabi/9.3.1/../../../../arm-none-eabi/lib/thumb/v6-m/nofp\libsupc++_nano.a
END GROUP
LOAD c:/st/stm32cubeide_1.6.0/stm32cubeide/plugins/com.st.stm32cube.ide.mcu.externaltools.gnu-tools-for-stm32.9-2020-q2-update.win32_1.5.0.202011040924/tools/bin/../lib/gcc/arm-none-eabi/9.3.1/../../../../arm-none-eabi/lib/thumb/v6-m/nofp\libstdc++_nano.a
LOAD c:/st/stm32cubeide_1.6.0/stm32cubeide/plugins/com.st.stm32cube.ide.mcu.externaltools.gnu-tools-for-stm32.9-2020-q2-update.win32_1.5.0.202011040924/tools/bin/../lib/gcc/arm-none-eabi/9.3.1/../../../../arm-none-eabi/lib/thumb/v6-m/nofp\libm.a
LOAD c:/st/stm32cubeide_1.6.0/stm32cubeide/plugins/com.st.stm32cube.ide.mcu.externaltools.gnu-tools-for-stm32.9-2020-q2-update.win32_1.5.0.202011040924/tools/bin/../lib/gcc/arm-none-eabi/9.3.1/../../../../arm-none-eabi/lib/thumb/v6-m/nofp\libc_nano.a
START GROUP
LOAD c:/st/stm32cubeide_1.6.0/stm32cubeide/plugins/com.st.stm32cube.ide.mcu.externaltools.gnu-tools-for-stm32.9-2020-q2-update.win32_1.5.0.202011040924/tools/bin/../lib/gcc/arm-none-eabi/9.3.1/thumb/v6-m/nofp\libgcc.a
LOAD c:/st/stm32cubeide_1.6.0/stm32cubeide/plugins/com.st.stm32cube.ide.mcu.externaltools.gnu-tools-for-stm32.9-2020-q2-update.win32_1.5.0.202011040924/tools/bin/../lib/gcc/arm-none-eabi/9.3.1/../../../../arm-none-eabi/lib/thumb/v6-m/nofp\libc_nano.a
END GROUP
START GROUP
LOAD c:/st/stm32cubeide_1.6.0/stm32cubeide/plugins/com.st.stm32cube.ide.mcu.externaltools.gnu-tools-for-stm32.9-2020-q2-update.win32_1.5.0.202011040924/tools/bin/../lib/gcc/arm-none-eabi/9.3.1/thumb/v6-m/nofp\libgcc.a
LOAD c:/st/stm32cubeide_1.6.0/stm32cubeide/plugins/com.st.stm32cube.ide.mcu.externaltools.gnu-tools-for-stm32.9-2020-q2-update.win32_1.5.0.202011040924/tools/bin/../lib/gcc/arm-none-eabi/9.3.1/../../../../arm-none-eabi/lib/thumb/v6-m/nofp\libc_nano.a
LOAD c:/st/stm32cubeide_1.6.0/stm32cubeide/plugins/com.st.stm32cube.ide.mcu.externaltools.gnu-tools-for-stm32.9-2020-q2-update.win32_1.5.0.202011040924/tools/bin/../lib/gcc/arm-none-eabi/9.3.1/../../../../arm-none-eabi/lib/thumb/v6-m/nofp\libnosys.a
END GROUP
START GROUP
LOAD c:/st/stm32cubeide_1.6.0/stm32cubeide/plugins/com.st.stm32cube.ide.mcu.externaltools.gnu-tools-for-stm32.9-2020-q2-update.win32_1.5.0.202011040924/tools/bin/../lib/gcc/arm-none-eabi/9.3.1/thumb/v6-m/nofp\libgcc.a
LOAD c:/st/stm32cubeide_1.6.0/stm32cubeide/plugins/com.st.stm32cube.ide.mcu.externaltools.gnu-tools-for-stm32.9-2020-q2-update.win32_1.5.0.202011040924/tools/bin/../lib/gcc/arm-none-eabi/9.3.1/../../../../arm-none-eabi/lib/thumb/v6-m/nofp\libc_nano.a
LOAD c:/st/stm32cubeide_1.6.0/stm32cubeide/plugins/com.st.stm32cube.ide.mcu.externaltools.gnu-tools-for-stm32.9-2020-q2-update.win32_1.5.0.202011040924/tools/bin/../lib/gcc/arm-none-eabi/9.3.1/../../../../arm-none-eabi/lib/thumb/v6-m/nofp\libnosys.a
END GROUP
LOAD c:/st/stm32cubeide_1.6.0/stm32cubeide/plugins/com.st.stm32cube.ide.mcu.externaltools.gnu-tools-for-stm32.9-2020-q2-update.win32_1.5.0.202011040924/tools/bin/../lib/gcc/arm-none-eabi/9.3.1/thumb/v6-m/nofp/crtend.o
LOAD c:/st/stm32cubeide_1.6.0/stm32cubeide/plugins/com.st.stm32cube.ide.mcu.externaltools.gnu-tools-for-stm32.9-2020-q2-update.win32_1.5.0.202011040924/tools/bin/../lib/gcc/arm-none-eabi/9.3.1/thumb/v6-m/nofp/crtn.o
                0x0000000020002000                _estack = (ORIGIN (RAM) + LENGTH (RAM))
                0x0000000000000200                _Min_Heap_Size = 0x200
                0x0000000000000400                _Min_Stack_Size = 0x400

.isr_vector     0x0000000008000000       0xc0
                0x0000000008000000                . = ALIGN (0x4)
 *(.isr_vector)
 .isr_vector    0x0000000008000000       0xc0 Startup/startup_stm32f051r8tx.o
                0x0000000008000000                g_pfnVectors
                0x00000000080000c0                . = ALIGN (0x4)

.text           0x00000000080000c0      0x728
                0x00000000080000c0                . = ALIGN (0x4)
 *(.text)
 .text          0x00000000080000c0       0x48 c:/st/stm32cubeide_1.6.0/stm32cubeide/plugins/com.st.stm32cube.ide.mcu.externaltools.gnu-tools-for-stm32.9-2020-q2-update.win32_1.5.0.202011040924/tools/bin/../lib/gcc/arm-none-eabi/9.3.1/thumb/v6-m/nofp/crtbegin.o
 .text          0x0000000008000108      0x114 c:/st/stm32cubeide_1.6.0/stm32cubeide/plugins/com.st.stm32cube.ide.mcu.externaltools.gnu-tools-for-stm32.9-2020-q2-update.win32_1.5.0.202011040924/tools/bin/../lib/gcc/arm-none-eabi/9.3.1/thumb/v6-m/nofp\libgcc.a(_udivsi3.o)
                0x0000000008000108                __aeabi_uidiv
                0x0000000008000108                __udivsi3
                0x0000000008000214                __aeabi_uidivmod
 .text          0x000000000800021c        0x4 c:/st/stm32cubeide_1.6.0/stm32cubeide/plugins/com.st.stm32cube.ide.mcu.externaltools.gnu-tools-for-stm32.9-2020-q2-update.win32_1.5.0.202011040924/tools/bin/../lib/gcc/arm-none-eabi/9.3.1/thumb/v6-m/nofp\libgcc.a(_dvmd_tls.o)
                0x000000000800021c                __aeabi_idiv0
                0x000000000800021c                __aeabi_ldiv0
 *(.text*)
 .text.SystemInit
                0x0000000008000220        0xa CMSIS/Src/system_stm32f0xx.o
                0x0000000008000220                SystemInit
 *fill*         0x000000000800022a        0x2 
 .text.angle_encoder_data
                0x000000000800022c       0x1c Src/encoder1.o
                0x000000000800022c                angle_encoder_data
 .text.gpio_init_encoder_1
                0x0000000008000248       0x8c Src/encoder1.o
                0x0000000008000248                gpio_init_encoder_1
 .text.tim3_init_encoder_1
                0x00000000080002d4       0xb4 Src/encoder1.o
                0x00000000080002d4                tim3_init_encoder_1
 .text.init_function
                0x0000000008000388       0x24 Src/main.o
                0x0000000008000388                init_function
 .text.main     0x00000000080003ac       0x24 Src/main.o
                0x00000000080003ac                main
 .text.gpio_init_tilt
                0x00000000080003d0       0x80 Src/tilt_sensor.o
                0x00000000080003d0                gpio_init_tilt
 .text.position_tilt_data
                0x0000000008000450       0x34 Src/tilt_sensor.o
                0x0000000008000450                position_tilt_data
 .text.us_delay
                0x0000000008000484       0x3c Src/tim.o
                0x0000000008000484                us_delay
 .text.transfer_pac_data
                0x00000000080004c0       0x30 Src/transfer.o
                0x00000000080004c0                transfer_pac_data
 .text.packing_data
                0x00000000080004f0       0x54 Src/transfer.o
                0x00000000080004f0                packing_data
 .text.__NVIC_EnableIRQ
                0x0000000008000544       0x34 Src/usart.o
 .text.__NVIC_SetPriority
                0x0000000008000578       0xdc Src/usart.o
 .text.USART1_IRQHandler
                0x0000000008000654       0x30 Src/usart.o
                0x0000000008000654                USART1_IRQHandler
 .text.usart1_gpio_init
                0x0000000008000684       0x40 Src/usart.o
                0x0000000008000684                usart1_gpio_init
 .text.usart1_init
                0x00000000080006c4       0x70 Src/usart.o
                0x00000000080006c4                usart1_init
 .text.Reset_Handler
                0x0000000008000734       0x50 Startup/startup_stm32f051r8tx.o
                0x0000000008000734                Reset_Handler
 .text.Default_Handler
                0x0000000008000784        0x2 Startup/startup_stm32f051r8tx.o
                0x0000000008000784                DMA1_CH4_5_6_7_DMA2_CH3_4_5_IRQHandler
                0x0000000008000784                TIM1_CC_IRQHandler
                0x0000000008000784                TSC_IRQHandler
                0x0000000008000784                HardFault_Handler
                0x0000000008000784                SysTick_Handler
                0x0000000008000784                PVD_IRQHandler
                0x0000000008000784                PendSV_Handler
                0x0000000008000784                NMI_Handler
                0x0000000008000784                I2C1_IRQHandler
                0x0000000008000784                RCC_CRS_IRQHandler
                0x0000000008000784                SPI1_IRQHandler
                0x0000000008000784                TIM6_DAC_IRQHandler
                0x0000000008000784                EXTI2_3_IRQHandler
                0x0000000008000784                I2C2_IRQHandler
                0x0000000008000784                TIM17_IRQHandler
                0x0000000008000784                CEC_CAN_IRQHandler
                0x0000000008000784                RTC_IRQHandler
                0x0000000008000784                TIM16_IRQHandler
                0x0000000008000784                TIM3_IRQHandler
                0x0000000008000784                EXTI4_15_IRQHandler
                0x0000000008000784                Default_Handler
                0x0000000008000784                DMA1_CH2_3_DMA2_CH1_2_IRQHandler
                0x0000000008000784                TIM14_IRQHandler
                0x0000000008000784                TIM7_IRQHandler
                0x0000000008000784                TIM15_IRQHandler
                0x0000000008000784                EXTI0_1_IRQHandler
                0x0000000008000784                USB_IRQHandler
                0x0000000008000784                SPI2_IRQHandler
                0x0000000008000784                DMA1_CH1_IRQHandler
                0x0000000008000784                SVC_Handler
                0x0000000008000784                WWDG_IRQHandler
                0x0000000008000784                TIM2_IRQHandler
                0x0000000008000784                ADC_COMP_IRQHandler
                0x0000000008000784                USART2_IRQHandler
                0x0000000008000784                USART3_4_5_6_7_8_IRQHandler
                0x0000000008000784                FLASH_IRQHandler
                0x0000000008000784                TIM1_BRK_UP_TRG_COM_IRQHandler
 *fill*         0x0000000008000786        0x2 
 .text.__libc_init_array
                0x0000000008000788       0x48 c:/st/stm32cubeide_1.6.0/stm32cubeide/plugins/com.st.stm32cube.ide.mcu.externaltools.gnu-tools-for-stm32.9-2020-q2-update.win32_1.5.0.202011040924/tools/bin/../lib/gcc/arm-none-eabi/9.3.1/../../../../arm-none-eabi/lib/thumb/v6-m/nofp\libc_nano.a(lib_a-init.o)
                0x0000000008000788                __libc_init_array
 *(.glue_7)
 .glue_7        0x00000000080007d0        0x0 linker stubs
 *(.glue_7t)
 .glue_7t       0x00000000080007d0        0x0 linker stubs
 *(.eh_frame)
 .eh_frame      0x00000000080007d0        0x0 c:/st/stm32cubeide_1.6.0/stm32cubeide/plugins/com.st.stm32cube.ide.mcu.externaltools.gnu-tools-for-stm32.9-2020-q2-update.win32_1.5.0.202011040924/tools/bin/../lib/gcc/arm-none-eabi/9.3.1/thumb/v6-m/nofp/crtbegin.o
 *(.init)
 .init          0x00000000080007d0        0x4 c:/st/stm32cubeide_1.6.0/stm32cubeide/plugins/com.st.stm32cube.ide.mcu.externaltools.gnu-tools-for-stm32.9-2020-q2-update.win32_1.5.0.202011040924/tools/bin/../lib/gcc/arm-none-eabi/9.3.1/thumb/v6-m/nofp/crti.o
                0x00000000080007d0                _init
 .init          0x00000000080007d4        0x8 c:/st/stm32cubeide_1.6.0/stm32cubeide/plugins/com.st.stm32cube.ide.mcu.externaltools.gnu-tools-for-stm32.9-2020-q2-update.win32_1.5.0.202011040924/tools/bin/../lib/gcc/arm-none-eabi/9.3.1/thumb/v6-m/nofp/crtn.o
 *(.fini)
 .fini          0x00000000080007dc        0x4 c:/st/stm32cubeide_1.6.0/stm32cubeide/plugins/com.st.stm32cube.ide.mcu.externaltools.gnu-tools-for-stm32.9-2020-q2-update.win32_1.5.0.202011040924/tools/bin/../lib/gcc/arm-none-eabi/9.3.1/thumb/v6-m/nofp/crti.o
                0x00000000080007dc                _fini
 .fini          0x00000000080007e0        0x8 c:/st/stm32cubeide_1.6.0/stm32cubeide/plugins/com.st.stm32cube.ide.mcu.externaltools.gnu-tools-for-stm32.9-2020-q2-update.win32_1.5.0.202011040924/tools/bin/../lib/gcc/arm-none-eabi/9.3.1/thumb/v6-m/nofp/crtn.o
                0x00000000080007e8                . = ALIGN (0x4)
                0x00000000080007e8                _etext = .

.vfp11_veneer   0x00000000080007e8        0x0
 .vfp11_veneer  0x00000000080007e8        0x0 linker stubs

.v4_bx          0x00000000080007e8        0x0
 .v4_bx         0x00000000080007e8        0x0 linker stubs

.iplt           0x00000000080007e8        0x0
 .iplt          0x00000000080007e8        0x0 c:/st/stm32cubeide_1.6.0/stm32cubeide/plugins/com.st.stm32cube.ide.mcu.externaltools.gnu-tools-for-stm32.9-2020-q2-update.win32_1.5.0.202011040924/tools/bin/../lib/gcc/arm-none-eabi/9.3.1/thumb/v6-m/nofp/crtbegin.o

.rel.dyn        0x00000000080007e8        0x0
 .rel.iplt      0x00000000080007e8        0x0 c:/st/stm32cubeide_1.6.0/stm32cubeide/plugins/com.st.stm32cube.ide.mcu.externaltools.gnu-tools-for-stm32.9-2020-q2-update.win32_1.5.0.202011040924/tools/bin/../lib/gcc/arm-none-eabi/9.3.1/thumb/v6-m/nofp/crtbegin.o

.rodata         0x00000000080007e8        0x0
                0x00000000080007e8                . = ALIGN (0x4)
 *(.rodata)
 *(.rodata*)
                0x00000000080007e8                . = ALIGN (0x4)

.ARM.extab      0x00000000080007e8        0x0
                0x00000000080007e8                . = ALIGN (0x4)
 *(.ARM.extab* .gnu.linkonce.armextab.*)
                0x00000000080007e8                . = ALIGN (0x4)

.ARM            0x00000000080007e8        0x0
                0x00000000080007e8                . = ALIGN (0x4)
                0x00000000080007e8                __exidx_start = .
 *(.ARM.exidx*)
                0x00000000080007e8                __exidx_end = .
                0x00000000080007e8                . = ALIGN (0x4)

.preinit_array  0x00000000080007e8        0x0
                0x00000000080007e8                . = ALIGN (0x4)
                0x00000000080007e8                PROVIDE (__preinit_array_start = .)
 *(.preinit_array*)
                0x00000000080007e8                PROVIDE (__preinit_array_end = .)
                0x00000000080007e8                . = ALIGN (0x4)

.init_array     0x00000000080007e8        0x4
                0x00000000080007e8                . = ALIGN (0x4)
                0x00000000080007e8                PROVIDE (__init_array_start = .)
 *(SORT_BY_NAME(.init_array.*))
 *(.init_array*)
 .init_array    0x00000000080007e8        0x4 c:/st/stm32cubeide_1.6.0/stm32cubeide/plugins/com.st.stm32cube.ide.mcu.externaltools.gnu-tools-for-stm32.9-2020-q2-update.win32_1.5.0.202011040924/tools/bin/../lib/gcc/arm-none-eabi/9.3.1/thumb/v6-m/nofp/crtbegin.o
                0x00000000080007ec                PROVIDE (__init_array_end = .)
                0x00000000080007ec                . = ALIGN (0x4)

.fini_array     0x00000000080007ec        0x4
                0x00000000080007ec                . = ALIGN (0x4)
                [!provide]                        PROVIDE (__fini_array_start = .)
 *(SORT_BY_NAME(.fini_array.*))
 *(.fini_array*)
 .fini_array    0x00000000080007ec        0x4 c:/st/stm32cubeide_1.6.0/stm32cubeide/plugins/com.st.stm32cube.ide.mcu.externaltools.gnu-tools-for-stm32.9-2020-q2-update.win32_1.5.0.202011040924/tools/bin/../lib/gcc/arm-none-eabi/9.3.1/thumb/v6-m/nofp/crtbegin.o
                [!provide]                        PROVIDE (__fini_array_end = .)
                0x00000000080007f0                . = ALIGN (0x4)
                0x00000000080007f0                _sidata = LOADADDR (.data)

.data           0x0000000020000000        0x4 load address 0x00000000080007f0
                0x0000000020000000                . = ALIGN (0x4)
                0x0000000020000000                _sdata = .
 *(.data)
 *(.data*)
 .data.SystemCoreClock
                0x0000000020000000        0x4 CMSIS/Src/system_stm32f0xx.o
                0x0000000020000000                SystemCoreClock
 *(.RamFunc)
 *(.RamFunc*)
                0x0000000020000004                . = ALIGN (0x4)
                0x0000000020000004                _edata = .

.igot.plt       0x0000000020000004        0x0 load address 0x00000000080007f4
 .igot.plt      0x0000000020000004        0x0 c:/st/stm32cubeide_1.6.0/stm32cubeide/plugins/com.st.stm32cube.ide.mcu.externaltools.gnu-tools-for-stm32.9-2020-q2-update.win32_1.5.0.202011040924/tools/bin/../lib/gcc/arm-none-eabi/9.3.1/thumb/v6-m/nofp/crtbegin.o
                0x0000000020000004                . = ALIGN (0x4)

.bss            0x0000000020000004       0x2c load address 0x00000000080007f4
                0x0000000020000004                _sbss = .
                0x0000000020000004                __bss_start__ = _sbss
 *(.bss)
 .bss           0x0000000020000004       0x1c c:/st/stm32cubeide_1.6.0/stm32cubeide/plugins/com.st.stm32cube.ide.mcu.externaltools.gnu-tools-for-stm32.9-2020-q2-update.win32_1.5.0.202011040924/tools/bin/../lib/gcc/arm-none-eabi/9.3.1/thumb/v6-m/nofp/crtbegin.o
 *(.bss*)
 *(COMMON)
 COMMON         0x0000000020000020       0x10 Src/encoder1.o
                0x0000000020000020                ddo1
                0x0000000020000024                data_tilt
                0x0000000020000025                pac_data
                0x0000000020000026                data
                0x0000000020000028                ddo2
                0x000000002000002c                start_stop
                0x0000000020000030                . = ALIGN (0x4)
                0x0000000020000030                _ebss = .
                0x0000000020000030                __bss_end__ = _ebss

._user_heap_stack
                0x0000000020000030      0x600 load address 0x00000000080007f4
                0x0000000020000030                . = ALIGN (0x8)
                [!provide]                        PROVIDE (end = .)
                0x0000000020000030                PROVIDE (_end = .)
                0x0000000020000230                . = (. + _Min_Heap_Size)
 *fill*         0x0000000020000030      0x200 
                0x0000000020000630                . = (. + _Min_Stack_Size)
 *fill*         0x0000000020000230      0x400 
                0x0000000020000630                . = ALIGN (0x8)

/DISCARD/
 libc.a(*)
 libm.a(*)
 libgcc.a(*)

.ARM.attributes
                0x0000000000000000       0x28
 *(.ARM.attributes)
 .ARM.attributes
                0x0000000000000000       0x1e c:/st/stm32cubeide_1.6.0/stm32cubeide/plugins/com.st.stm32cube.ide.mcu.externaltools.gnu-tools-for-stm32.9-2020-q2-update.win32_1.5.0.202011040924/tools/bin/../lib/gcc/arm-none-eabi/9.3.1/thumb/v6-m/nofp/crti.o
 .ARM.attributes
                0x000000000000001e       0x2c c:/st/stm32cubeide_1.6.0/stm32cubeide/plugins/com.st.stm32cube.ide.mcu.externaltools.gnu-tools-for-stm32.9-2020-q2-update.win32_1.5.0.202011040924/tools/bin/../lib/gcc/arm-none-eabi/9.3.1/thumb/v6-m/nofp/crtbegin.o
 .ARM.attributes
                0x000000000000004a       0x2c CMSIS/Src/system_stm32f0xx.o
 .ARM.attributes
                0x0000000000000076       0x2c Src/encoder1.o
 .ARM.attributes
                0x00000000000000a2       0x2c Src/main.o
 .ARM.attributes
                0x00000000000000ce       0x2c Src/tilt_sensor.o
 .ARM.attributes
                0x00000000000000fa       0x2c Src/tim.o
 .ARM.attributes
                0x0000000000000126       0x2c Src/transfer.o
 .ARM.attributes
                0x0000000000000152       0x2c Src/usart.o
 .ARM.attributes
                0x000000000000017e       0x21 Startup/startup_stm32f051r8tx.o
 .ARM.attributes
                0x000000000000019f       0x2c c:/st/stm32cubeide_1.6.0/stm32cubeide/plugins/com.st.stm32cube.ide.mcu.externaltools.gnu-tools-for-stm32.9-2020-q2-update.win32_1.5.0.202011040924/tools/bin/../lib/gcc/arm-none-eabi/9.3.1/../../../../arm-none-eabi/lib/thumb/v6-m/nofp\libc_nano.a(lib_a-init.o)
 .ARM.attributes
                0x00000000000001cb       0x1e c:/st/stm32cubeide_1.6.0/stm32cubeide/plugins/com.st.stm32cube.ide.mcu.externaltools.gnu-tools-for-stm32.9-2020-q2-update.win32_1.5.0.202011040924/tools/bin/../lib/gcc/arm-none-eabi/9.3.1/thumb/v6-m/nofp\libgcc.a(_udivsi3.o)
 .ARM.attributes
                0x00000000000001e9       0x1e c:/st/stm32cubeide_1.6.0/stm32cubeide/plugins/com.st.stm32cube.ide.mcu.externaltools.gnu-tools-for-stm32.9-2020-q2-update.win32_1.5.0.202011040924/tools/bin/../lib/gcc/arm-none-eabi/9.3.1/thumb/v6-m/nofp\libgcc.a(_dvmd_tls.o)
 .ARM.attributes
                0x0000000000000207       0x1e c:/st/stm32cubeide_1.6.0/stm32cubeide/plugins/com.st.stm32cube.ide.mcu.externaltools.gnu-tools-for-stm32.9-2020-q2-update.win32_1.5.0.202011040924/tools/bin/../lib/gcc/arm-none-eabi/9.3.1/thumb/v6-m/nofp/crtn.o
OUTPUT(course_work_raspopina.elf elf32-littlearm)
LOAD linker stubs
LOAD c:/st/stm32cubeide_1.6.0/stm32cubeide/plugins/com.st.stm32cube.ide.mcu.externaltools.gnu-tools-for-stm32.9-2020-q2-update.win32_1.5.0.202011040924/tools/bin/../lib/gcc/arm-none-eabi/9.3.1/../../../../arm-none-eabi/lib/thumb/v6-m/nofp\libc.a
LOAD c:/st/stm32cubeide_1.6.0/stm32cubeide/plugins/com.st.stm32cube.ide.mcu.externaltools.gnu-tools-for-stm32.9-2020-q2-update.win32_1.5.0.202011040924/tools/bin/../lib/gcc/arm-none-eabi/9.3.1/../../../../arm-none-eabi/lib/thumb/v6-m/nofp\libm.a
LOAD c:/st/stm32cubeide_1.6.0/stm32cubeide/plugins/com.st.stm32cube.ide.mcu.externaltools.gnu-tools-for-stm32.9-2020-q2-update.win32_1.5.0.202011040924/tools/bin/../lib/gcc/arm-none-eabi/9.3.1/thumb/v6-m/nofp\libgcc.a

.debug_info     0x0000000000000000     0x15d3
 .debug_info    0x0000000000000000      0x262 CMSIS/Src/system_stm32f0xx.o
 .debug_info    0x0000000000000262      0x46a Src/encoder1.o
 .debug_info    0x00000000000006cc      0x197 Src/main.o
 .debug_info    0x0000000000000863      0x241 Src/tilt_sensor.o
 .debug_info    0x0000000000000aa4      0x181 Src/tim.o
 .debug_info    0x0000000000000c25      0x277 Src/transfer.o
 .debug_info    0x0000000000000e9c      0x715 Src/usart.o
 .debug_info    0x00000000000015b1       0x22 Startup/startup_stm32f051r8tx.o

.debug_abbrev   0x0000000000000000      0x6c3
 .debug_abbrev  0x0000000000000000      0x116 CMSIS/Src/system_stm32f0xx.o
 .debug_abbrev  0x0000000000000116       0xda Src/encoder1.o
 .debug_abbrev  0x00000000000001f0       0xc2 Src/main.o
 .debug_abbrev  0x00000000000002b2       0xda Src/tilt_sensor.o
 .debug_abbrev  0x000000000000038c       0xa6 Src/tim.o
 .debug_abbrev  0x0000000000000432       0xf4 Src/transfer.o
 .debug_abbrev  0x0000000000000526      0x18b Src/usart.o
 .debug_abbrev  0x00000000000006b1       0x12 Startup/startup_stm32f051r8tx.o

.debug_aranges  0x0000000000000000      0x160
 .debug_aranges
                0x0000000000000000       0x28 CMSIS/Src/system_stm32f0xx.o
 .debug_aranges
                0x0000000000000028       0x30 Src/encoder1.o
 .debug_aranges
                0x0000000000000058       0x28 Src/main.o
 .debug_aranges
                0x0000000000000080       0x28 Src/tilt_sensor.o
 .debug_aranges
                0x00000000000000a8       0x20 Src/tim.o
 .debug_aranges
                0x00000000000000c8       0x28 Src/transfer.o
 .debug_aranges
                0x00000000000000f0       0x48 Src/usart.o
 .debug_aranges
                0x0000000000000138       0x28 Startup/startup_stm32f051r8tx.o

.debug_ranges   0x0000000000000000       0xe8
 .debug_ranges  0x0000000000000000       0x18 CMSIS/Src/system_stm32f0xx.o
 .debug_ranges  0x0000000000000018       0x20 Src/encoder1.o
 .debug_ranges  0x0000000000000038       0x18 Src/main.o
 .debug_ranges  0x0000000000000050       0x18 Src/tilt_sensor.o
 .debug_ranges  0x0000000000000068       0x10 Src/tim.o
 .debug_ranges  0x0000000000000078       0x18 Src/transfer.o
 .debug_ranges  0x0000000000000090       0x38 Src/usart.o
 .debug_ranges  0x00000000000000c8       0x20 Startup/startup_stm32f051r8tx.o

.debug_macro    0x0000000000000000     0xa7f8
 .debug_macro   0x0000000000000000       0xcc CMSIS/Src/system_stm32f0xx.o
 .debug_macro   0x00000000000000cc      0xa84 CMSIS/Src/system_stm32f0xx.o
 .debug_macro   0x0000000000000b50       0x2e CMSIS/Src/system_stm32f0xx.o
 .debug_macro   0x0000000000000b7e       0x22 CMSIS/Src/system_stm32f0xx.o
 .debug_macro   0x0000000000000ba0       0x22 CMSIS/Src/system_stm32f0xx.o
 .debug_macro   0x0000000000000bc2       0x8e CMSIS/Src/system_stm32f0xx.o
 .debug_macro   0x0000000000000c50       0x51 CMSIS/Src/system_stm32f0xx.o
 .debug_macro   0x0000000000000ca1      0x103 CMSIS/Src/system_stm32f0xx.o
 .debug_macro   0x0000000000000da4       0x6a CMSIS/Src/system_stm32f0xx.o
 .debug_macro   0x0000000000000e0e      0x1df CMSIS/Src/system_stm32f0xx.o
 .debug_macro   0x0000000000000fed       0x1c CMSIS/Src/system_stm32f0xx.o
 .debug_macro   0x0000000000001009       0x22 CMSIS/Src/system_stm32f0xx.o
 .debug_macro   0x000000000000102b       0xb5 CMSIS/Src/system_stm32f0xx.o
 .debug_macro   0x00000000000010e0      0x391 CMSIS/Src/system_stm32f0xx.o
 .debug_macro   0x0000000000001471     0x8cdd CMSIS/Src/system_stm32f0xx.o
 .debug_macro   0x000000000000a14e       0x3c CMSIS/Src/system_stm32f0xx.o
 .debug_macro   0x000000000000a18a      0x108 Src/encoder1.o
 .debug_macro   0x000000000000a292       0x16 Src/encoder1.o
 .debug_macro   0x000000000000a2a8       0x22 Src/encoder1.o
 .debug_macro   0x000000000000a2ca       0xfd Src/main.o
 .debug_macro   0x000000000000a3c7       0x10 Src/main.o
 .debug_macro   0x000000000000a3d7      0x101 Src/tilt_sensor.o
 .debug_macro   0x000000000000a4d8      0x101 Src/tim.o
 .debug_macro   0x000000000000a5d9      0x107 Src/transfer.o
 .debug_macro   0x000000000000a6e0       0x10 Src/transfer.o
 .debug_macro   0x000000000000a6f0      0x108 Src/usart.o

.debug_line     0x0000000000000000     0x2484
 .debug_line    0x0000000000000000      0x4d7 CMSIS/Src/system_stm32f0xx.o
 .debug_line    0x00000000000004d7      0x532 Src/encoder1.o
 .debug_line    0x0000000000000a09      0x500 Src/main.o
 .debug_line    0x0000000000000f09      0x50d Src/tilt_sensor.o
 .debug_line    0x0000000000001416      0x4ec Src/tim.o
 .debug_line    0x0000000000001902      0x519 Src/transfer.o
 .debug_line    0x0000000000001e1b      0x5e5 Src/usart.o
 .debug_line    0x0000000000002400       0x84 Startup/startup_stm32f051r8tx.o

.debug_str      0x0000000000000000    0x36c8e
 .debug_str     0x0000000000000000    0x367ce CMSIS/Src/system_stm32f0xx.o
                                      0x36970 (size before relaxing)
 .debug_str     0x00000000000367ce      0x19c Src/encoder1.o
                                      0x36a5d (size before relaxing)
 .debug_str     0x000000000003696a       0x21 Src/main.o
                                      0x36967 (size before relaxing)
 .debug_str     0x000000000003698b       0x37 Src/tilt_sensor.o
                                      0x369af (size before relaxing)
 .debug_str     0x00000000000369c2       0x1b Src/tim.o
                                      0x36961 (size before relaxing)
 .debug_str     0x00000000000369dd       0x68 Src/transfer.o
                                      0x369b7 (size before relaxing)
 .debug_str     0x0000000000036a45      0x218 Src/usart.o
                                      0x36cc0 (size before relaxing)
 .debug_str     0x0000000000036c5d       0x31 Startup/startup_stm32f051r8tx.o
                                         0x78 (size before relaxing)

.comment        0x0000000000000000       0x53
 .comment       0x0000000000000000       0x53 CMSIS/Src/system_stm32f0xx.o
                                         0x54 (size before relaxing)
 .comment       0x0000000000000053       0x54 Src/encoder1.o
 .comment       0x0000000000000053       0x54 Src/main.o
 .comment       0x0000000000000053       0x54 Src/tilt_sensor.o
 .comment       0x0000000000000053       0x54 Src/tim.o
 .comment       0x0000000000000053       0x54 Src/transfer.o
 .comment       0x0000000000000053       0x54 Src/usart.o

.debug_frame    0x0000000000000000      0x2c4
 .debug_frame   0x0000000000000000       0x4c CMSIS/Src/system_stm32f0xx.o
 .debug_frame   0x000000000000004c       0x64 Src/encoder1.o
 .debug_frame   0x00000000000000b0       0x48 Src/main.o
 .debug_frame   0x00000000000000f8       0x48 Src/tilt_sensor.o
 .debug_frame   0x0000000000000140       0x30 Src/tim.o
 .debug_frame   0x0000000000000170       0x48 Src/transfer.o
 .debug_frame   0x00000000000001b8       0xc0 Src/usart.o
 .debug_frame   0x0000000000000278       0x2c c:/st/stm32cubeide_1.6.0/stm32cubeide/plugins/com.st.stm32cube.ide.mcu.externaltools.gnu-tools-for-stm32.9-2020-q2-update.win32_1.5.0.202011040924/tools/bin/../lib/gcc/arm-none-eabi/9.3.1/../../../../arm-none-eabi/lib/thumb/v6-m/nofp\libc_nano.a(lib_a-init.o)
 .debug_frame   0x00000000000002a4       0x20 c:/st/stm32cubeide_1.6.0/stm32cubeide/plugins/com.st.stm32cube.ide.mcu.externaltools.gnu-tools-for-stm32.9-2020-q2-update.win32_1.5.0.202011040924/tools/bin/../lib/gcc/arm-none-eabi/9.3.1/thumb/v6-m/nofp\libgcc.a(_udivsi3.o)
